---
source: tests/reports_markdown_snapshot.rs
assertion_line: 321
expression: rendered
---
# Trust Report — octocat/Hello-World

| Field | Value |
|-|-|
| Overall Score | 67 |
| Category | Mixed |
| Confidence | Medium |
| Mode | standard |
| Scoring Version | 1.0.0 |
| Snapshot | 2026-05-03T08:23:45.000000000Z |
| Runtime | 12.3s |

## Star Authenticity (`stars`)

**Score:** 72 / 100  **Confidence:** Medium

### Sub-scores

| Key | Value |
|-|-|
| fork_to_star_ratio | 60 |
| low_activity_share | 80 |
| watcher_to_star_ratio | 70 |

### Evidence

| Code | Label | Value | Threshold | Verdict | Rationale |
|-|-|-|-|-|-|
| fork_to_star_ratio | Fork-to-star ratio | `0.05` | `0.04` | Positive | Fork-to-star ratio is healthy for the language. |
| low_activity_stargazer_share | Low-activity stargazer share | `0.08` | `0.2` | Positive | 8% of sampled stargazers match a low-activity profile. |
| watcher_to_star_ratio | Watcher-to-star ratio | `0.006` | `0.005` | Positive | Watcher-to-star ratio is healthy. |

## Activity Health (`activity`)

**Score:** 65 / 100  **Confidence:** High

### Sub-scores

| Key | Value |
|-|-|
| commit_frequency | 60 |
| pull_request_velocity | 70 |
| release_cadence | 65 |

### Evidence

| Code | Label | Value | Threshold | Verdict | Rationale |
|-|-|-|-|-|-|
| commit_frequency | Commit frequency | `12` | `20` | Concerning | 12 commits in the last 90 days, below the 20 threshold. |
| last_commit_age_days | Days since last commit | `45` | `30` | Concerning | Last commit was 45 days ago. |
| release_cadence | Releases in 18 months | `2` | `4` | Neutral | 2 releases observed. |

## Maintainer Health (`maintainers`)

**Score:** 58 / 100  **Confidence:** High

### Sub-scores

| Key | Value |
|-|-|
| bus_factor_proxy | 55 |
| commit_concentration | 65 |
| contributor_retention | 50 |
| governance_docs | 60 |

### Evidence

| Code | Label | Value | Threshold | Verdict | Rationale |
|-|-|-|-|-|-|
| bus_factor_proxy | Bus factor proxy | `2` | `5` | Concerning | Only 2 effective maintainers in the last year. |
| commit_concentration_gini | Commit-share Gini coefficient | `0.78` | `0.4` | Concerning | Gini of 0.78 indicates concentrated commit share. |
| governance_docs | Governance docs present | `true` |  | Positive | CODEOWNERS and GOVERNANCE.md both present. |

## Adoption Signals (`adoption`)

**Score:** 70 / 100  **Confidence:** Medium

### Sub-scores

| Key | Value |
|-|-|
| documentation_maturity | 75 |
| package_systems_count | 50 |
| weekly_downloads | 75 |

### Evidence

| Code | Label | Value | Threshold | Verdict | Rationale |
|-|-|-|-|-|-|
| documentation_maturity | Documentation maturity | `0.75` |  | Positive | README, docs/ and examples/ all present. |
| package_systems_count | Package systems | `1` |  | Neutral | Published to a single package system. |
| weekly_downloads | Weekly downloads | `15000` | `10000` | Positive | 15k weekly downloads across packages. |

## Security & Readiness (`security`)

**Score:** 68 / 100  **Confidence:** High

### Sub-scores

| Key | Value |
|-|-|
| doc_presence | 80 |
| scorecard_aggregate | 60 |
| semver_consistency | 65 |

### Evidence

| Code | Label | Value | Threshold | Verdict | Rationale |
|-|-|-|-|-|-|
| doc_presence | Required docs present | `true` |  | Positive | SECURITY.md, CONTRIBUTING.md and CODE_OF_CONDUCT.md present. |
| scorecard_score | OpenSSF Scorecard score | `7.5` | `5.0` | Positive | Scorecard score 7.5 is above the 5.0 threshold. |
| semver_consistency | SemVer consistency | `true` |  | Positive | All releases use vX.Y.Z tags. |

## Top Strengths

- **[security] scorecard_score** — Scorecard score 7.5 is above the 5.0 threshold.
- **[stars] low_activity_stargazer_share** — 8% of sampled stargazers match a low-activity profile.

## Top Concerns

- **[maintainers] bus_factor_proxy** — Only 2 effective maintainers in the last year.

## Caveats

- Stargazer sample size limited by API budget.

## Methodology

This report was generated by [repo-trust](https://github.com/Dmitrze/repo-trust)
using scoring model v1.0.0. See [methodology](https://github.com/Dmitrze/repo-trust/blob/main/docs/methodology.md)
for the full algorithm and threshold tables.
